17-Feb-2025 00:12:36.097 INFO [main] org.apache.catalina.core.ApplicationContext.log SessionListener: contextDestroyed()
17-Feb-2025 00:12:36.098 INFO [main] org.apache.catalina.core.ApplicationContext.log ContextListener: contextDestroyed()
17-Feb-2025 00:12:37.456 INFO [main] org.apache.catalina.core.ApplicationContext.log ContextListener: contextInitialized()
17-Feb-2025 00:12:37.456 INFO [main] org.apache.catalina.core.ApplicationContext.log SessionListener: contextInitialized()
17-Feb-2025 00:12:37.457 INFO [main] org.apache.catalina.core.ApplicationContext.log ContextListener: attributeAdded('StockTicker', 'async.Stockticker@4de025bf')
17-Feb-2025 00:14:17.476 INFO [main] org.apache.catalina.core.ApplicationContext.log SessionListener: contextDestroyed()
17-Feb-2025 00:14:17.477 INFO [main] org.apache.catalina.core.ApplicationContext.log ContextListener: contextDestroyed()
17-Feb-2025 00:14:19.455 INFO [main] org.apache.catalina.core.ApplicationContext.log ContextListener: contextInitialized()
17-Feb-2025 00:14:19.456 INFO [main] org.apache.catalina.core.ApplicationContext.log SessionListener: contextInitialized()
17-Feb-2025 00:14:19.457 INFO [main] org.apache.catalina.core.ApplicationContext.log ContextListener: attributeAdded('StockTicker', 'async.Stockticker@6f70f32f')
17-Feb-2025 00:15:05.460 INFO [main] org.apache.catalina.core.ApplicationContext.log SessionListener: contextDestroyed()
17-Feb-2025 00:15:05.460 INFO [main] org.apache.catalina.core.ApplicationContext.log ContextListener: contextDestroyed()
17-Feb-2025 00:15:09.283 INFO [main] org.apache.catalina.core.ApplicationContext.log ContextListener: contextInitialized()
17-Feb-2025 00:15:09.284 INFO [main] org.apache.catalina.core.ApplicationContext.log SessionListener: contextInitialized()
17-Feb-2025 00:15:09.286 INFO [main] org.apache.catalina.core.ApplicationContext.log ContextListener: attributeAdded('StockTicker', 'async.Stockticker@4eeea57d')
17-Feb-2025 00:15:47.448 INFO [main] org.apache.catalina.core.ApplicationContext.log SessionListener: contextDestroyed()
17-Feb-2025 00:15:47.449 INFO [main] org.apache.catalina.core.ApplicationContext.log ContextListener: contextDestroyed()
17-Feb-2025 00:15:48.980 INFO [main] org.apache.catalina.core.ApplicationContext.log ContextListener: contextInitialized()
17-Feb-2025 00:15:48.980 INFO [main] org.apache.catalina.core.ApplicationContext.log SessionListener: contextInitialized()
17-Feb-2025 00:15:48.980 INFO [main] org.apache.catalina.core.ApplicationContext.log ContextListener: attributeAdded('StockTicker', 'async.Stockticker@72c927f1')
17-Feb-2025 00:16:13.951 INFO [main] org.apache.catalina.core.ApplicationContext.log SessionListener: contextDestroyed()
17-Feb-2025 00:16:13.951 INFO [main] org.apache.catalina.core.ApplicationContext.log ContextListener: contextDestroyed()
17-Feb-2025 00:16:15.165 INFO [main] org.apache.catalina.core.ApplicationContext.log ContextListener: contextInitialized()
17-Feb-2025 00:16:15.165 INFO [main] org.apache.catalina.core.ApplicationContext.log SessionListener: contextInitialized()
17-Feb-2025 00:16:15.166 INFO [main] org.apache.catalina.core.ApplicationContext.log ContextListener: attributeAdded('StockTicker', 'async.Stockticker@4de025bf')
17-Feb-2025 00:17:02.765 INFO [main] org.apache.catalina.core.ApplicationContext.log SessionListener: contextDestroyed()
17-Feb-2025 00:17:02.766 INFO [main] org.apache.catalina.core.ApplicationContext.log ContextListener: contextDestroyed()
17-Feb-2025 00:17:04.161 INFO [main] org.apache.catalina.core.ApplicationContext.log ContextListener: contextInitialized()
17-Feb-2025 00:17:04.161 INFO [main] org.apache.catalina.core.ApplicationContext.log SessionListener: contextInitialized()
17-Feb-2025 00:17:04.161 INFO [main] org.apache.catalina.core.ApplicationContext.log ContextListener: attributeAdded('StockTicker', 'async.Stockticker@5db99216')
17-Feb-2025 00:18:19.599 INFO [main] org.apache.catalina.core.ApplicationContext.log SessionListener: contextDestroyed()
17-Feb-2025 00:18:19.605 INFO [main] org.apache.catalina.core.ApplicationContext.log ContextListener: contextDestroyed()
17-Feb-2025 00:18:22.479 INFO [main] org.apache.catalina.core.ApplicationContext.log ContextListener: contextInitialized()
17-Feb-2025 00:18:22.479 INFO [main] org.apache.catalina.core.ApplicationContext.log SessionListener: contextInitialized()
17-Feb-2025 00:18:22.480 INFO [main] org.apache.catalina.core.ApplicationContext.log ContextListener: attributeAdded('StockTicker', 'async.Stockticker@1ee4730')
17-Feb-2025 00:18:42.027 INFO [main] org.apache.catalina.core.ApplicationContext.log SessionListener: contextDestroyed()
17-Feb-2025 00:18:42.027 INFO [main] org.apache.catalina.core.ApplicationContext.log ContextListener: contextDestroyed()
17-Feb-2025 00:18:43.557 INFO [main] org.apache.catalina.core.ApplicationContext.log ContextListener: contextInitialized()
17-Feb-2025 00:18:43.558 INFO [main] org.apache.catalina.core.ApplicationContext.log SessionListener: contextInitialized()
17-Feb-2025 00:18:43.559 INFO [main] org.apache.catalina.core.ApplicationContext.log ContextListener: attributeAdded('StockTicker', 'async.Stockticker@4de025bf')
17-Feb-2025 00:18:59.373 INFO [main] org.apache.catalina.core.ApplicationContext.log SessionListener: contextDestroyed()
17-Feb-2025 00:18:59.379 INFO [main] org.apache.catalina.core.ApplicationContext.log ContextListener: contextDestroyed()
17-Feb-2025 00:19:02.179 INFO [main] org.apache.catalina.core.ApplicationContext.log ContextListener: contextInitialized()
17-Feb-2025 00:19:02.179 INFO [main] org.apache.catalina.core.ApplicationContext.log SessionListener: contextInitialized()
17-Feb-2025 00:19:02.180 INFO [main] org.apache.catalina.core.ApplicationContext.log ContextListener: attributeAdded('StockTicker', 'async.Stockticker@548e76f1')
17-Feb-2025 00:20:28.007 INFO [main] org.apache.catalina.core.ApplicationContext.log SessionListener: contextDestroyed()
17-Feb-2025 00:20:28.007 INFO [main] org.apache.catalina.core.ApplicationContext.log ContextListener: contextDestroyed()
17-Feb-2025 00:20:29.850 INFO [main] org.apache.catalina.core.ApplicationContext.log ContextListener: contextInitialized()
17-Feb-2025 00:20:29.850 INFO [main] org.apache.catalina.core.ApplicationContext.log SessionListener: contextInitialized()
17-Feb-2025 00:20:29.851 INFO [main] org.apache.catalina.core.ApplicationContext.log ContextListener: attributeAdded('StockTicker', 'async.Stockticker@5aabbb29')
17-Feb-2025 00:23:22.255 INFO [main] org.apache.catalina.core.ApplicationContext.log SessionListener: contextDestroyed()
17-Feb-2025 00:23:22.255 INFO [main] org.apache.catalina.core.ApplicationContext.log ContextListener: contextDestroyed()
17-Feb-2025 00:23:25.253 INFO [main] org.apache.catalina.core.ApplicationContext.log ContextListener: contextInitialized()
17-Feb-2025 00:23:25.254 INFO [main] org.apache.catalina.core.ApplicationContext.log SessionListener: contextInitialized()
17-Feb-2025 00:23:25.254 INFO [main] org.apache.catalina.core.ApplicationContext.log ContextListener: attributeAdded('StockTicker', 'async.Stockticker@5aabbb29')
17-Feb-2025 00:32:33.056 INFO [main] org.apache.catalina.core.ApplicationContext.log SessionListener: contextDestroyed()
17-Feb-2025 00:32:33.056 INFO [main] org.apache.catalina.core.ApplicationContext.log ContextListener: contextDestroyed()
17-Feb-2025 00:32:34.784 INFO [main] org.apache.catalina.core.ApplicationContext.log ContextListener: contextInitialized()
17-Feb-2025 00:32:34.785 INFO [main] org.apache.catalina.core.ApplicationContext.log SessionListener: contextInitialized()
17-Feb-2025 00:32:34.785 INFO [main] org.apache.catalina.core.ApplicationContext.log ContextListener: attributeAdded('StockTicker', 'async.Stockticker@59a67c3a')
17-Feb-2025 00:33:08.696 INFO [main] org.apache.catalina.core.ApplicationContext.log SessionListener: contextDestroyed()
17-Feb-2025 00:33:08.696 INFO [main] org.apache.catalina.core.ApplicationContext.log ContextListener: contextDestroyed()
17-Feb-2025 00:33:10.662 INFO [main] org.apache.catalina.core.ApplicationContext.log ContextListener: contextInitialized()
17-Feb-2025 00:33:10.662 INFO [main] org.apache.catalina.core.ApplicationContext.log SessionListener: contextInitialized()
17-Feb-2025 00:33:10.662 INFO [main] org.apache.catalina.core.ApplicationContext.log ContextListener: attributeAdded('StockTicker', 'async.Stockticker@2187fff7')
17-Feb-2025 00:33:40.201 SEVERE [http-nio-8080-exec-1] org.apache.catalina.core.StandardWrapperValve.invoke Servlet.service() for servlet [new] in context with path [/my_webapp] threw exception
	java.lang.NullPointerException
		at mypackage.CarRentalNew.CreateJson(CarRentalNew.java:103)
		at mypackage.CarRentalNew.doGet(CarRentalNew.java:157)
		at jakarta.servlet.http.HttpServlet.service(HttpServlet.java:665)
		at jakarta.servlet.http.HttpServlet.service(HttpServlet.java:774)
		at org.apache.catalina.core.ApplicationFilterChain.internalDoFilter(ApplicationFilterChain.java:223)
		at org.apache.catalina.core.ApplicationFilterChain.doFilter(ApplicationFilterChain.java:158)
		at org.apache.tomcat.websocket.server.WsFilter.doFilter(WsFilter.java:53)
		at org.apache.catalina.core.ApplicationFilterChain.internalDoFilter(ApplicationFilterChain.java:185)
		at org.apache.catalina.core.ApplicationFilterChain.doFilter(ApplicationFilterChain.java:158)
		at org.apache.catalina.core.StandardWrapperValve.invoke(StandardWrapperValve.java:197)
		at org.apache.catalina.core.StandardContextValve.invoke(StandardContextValve.java:97)
		at org.apache.catalina.authenticator.AuthenticatorBase.invoke(AuthenticatorBase.java:543)
		at org.apache.catalina.core.StandardHostValve.invoke(StandardHostValve.java:119)
		at org.apache.catalina.valves.ErrorReportValve.invoke(ErrorReportValve.java:92)
		at org.apache.catalina.valves.AbstractAccessLogValve.invoke(AbstractAccessLogValve.java:690)
		at org.apache.catalina.core.StandardEngineValve.invoke(StandardEngineValve.java:78)
		at org.apache.catalina.connector.CoyoteAdapter.service(CoyoteAdapter.java:353)
		at org.apache.coyote.http11.Http11Processor.service(Http11Processor.java:382)
		at org.apache.coyote.AbstractProcessorLight.process(AbstractProcessorLight.java:65)
		at org.apache.coyote.AbstractProtocol$ConnectionHandler.process(AbstractProtocol.java:870)
		at org.apache.tomcat.util.net.NioEndpoint$SocketProcessor.doRun(NioEndpoint.java:1699)
		at org.apache.tomcat.util.net.SocketProcessorBase.run(SocketProcessorBase.java:49)
		at org.apache.tomcat.util.threads.ThreadPoolExecutor.runWorker(ThreadPoolExecutor.java:1191)
		at org.apache.tomcat.util.threads.ThreadPoolExecutor$Worker.run(ThreadPoolExecutor.java:659)
		at org.apache.tomcat.util.threads.TaskThread$WrappingRunnable.run(TaskThread.java:61)
		at java.base/java.lang.Thread.run(Thread.java:829)
17-Feb-2025 00:34:19.075 SEVERE [http-nio-8080-exec-6] org.apache.catalina.core.StandardWrapperValve.invoke Servlet.service() for servlet [new] in context with path [/my_webapp] threw exception
	java.lang.NullPointerException
		at mypackage.CarRentalNew.CreateJson(CarRentalNew.java:103)
		at mypackage.CarRentalNew.doGet(CarRentalNew.java:157)
		at jakarta.servlet.http.HttpServlet.service(HttpServlet.java:665)
		at jakarta.servlet.http.HttpServlet.service(HttpServlet.java:774)
		at org.apache.catalina.core.ApplicationFilterChain.internalDoFilter(ApplicationFilterChain.java:223)
		at org.apache.catalina.core.ApplicationFilterChain.doFilter(ApplicationFilterChain.java:158)
		at org.apache.tomcat.websocket.server.WsFilter.doFilter(WsFilter.java:53)
		at org.apache.catalina.core.ApplicationFilterChain.internalDoFilter(ApplicationFilterChain.java:185)
		at org.apache.catalina.core.ApplicationFilterChain.doFilter(ApplicationFilterChain.java:158)
		at org.apache.catalina.core.StandardWrapperValve.invoke(StandardWrapperValve.java:197)
		at org.apache.catalina.core.StandardContextValve.invoke(StandardContextValve.java:97)
		at org.apache.catalina.authenticator.AuthenticatorBase.invoke(AuthenticatorBase.java:543)
		at org.apache.catalina.core.StandardHostValve.invoke(StandardHostValve.java:119)
		at org.apache.catalina.valves.ErrorReportValve.invoke(ErrorReportValve.java:92)
		at org.apache.catalina.valves.AbstractAccessLogValve.invoke(AbstractAccessLogValve.java:690)
		at org.apache.catalina.core.StandardEngineValve.invoke(StandardEngineValve.java:78)
		at org.apache.catalina.connector.CoyoteAdapter.service(CoyoteAdapter.java:353)
		at org.apache.coyote.http11.Http11Processor.service(Http11Processor.java:382)
		at org.apache.coyote.AbstractProcessorLight.process(AbstractProcessorLight.java:65)
		at org.apache.coyote.AbstractProtocol$ConnectionHandler.process(AbstractProtocol.java:870)
		at org.apache.tomcat.util.net.NioEndpoint$SocketProcessor.doRun(NioEndpoint.java:1699)
		at org.apache.tomcat.util.net.SocketProcessorBase.run(SocketProcessorBase.java:49)
		at org.apache.tomcat.util.threads.ThreadPoolExecutor.runWorker(ThreadPoolExecutor.java:1191)
		at org.apache.tomcat.util.threads.ThreadPoolExecutor$Worker.run(ThreadPoolExecutor.java:659)
		at org.apache.tomcat.util.threads.TaskThread$WrappingRunnable.run(TaskThread.java:61)
		at java.base/java.lang.Thread.run(Thread.java:829)
17-Feb-2025 00:34:24.024 SEVERE [http-nio-8080-exec-7] org.apache.catalina.core.StandardWrapperValve.invoke Servlet.service() for servlet [new] in context with path [/my_webapp] threw exception
	java.lang.NullPointerException
		at mypackage.CarRentalNew.CreateJson(CarRentalNew.java:103)
		at mypackage.CarRentalNew.doGet(CarRentalNew.java:157)
		at jakarta.servlet.http.HttpServlet.service(HttpServlet.java:665)
		at jakarta.servlet.http.HttpServlet.service(HttpServlet.java:774)
		at org.apache.catalina.core.ApplicationFilterChain.internalDoFilter(ApplicationFilterChain.java:223)
		at org.apache.catalina.core.ApplicationFilterChain.doFilter(ApplicationFilterChain.java:158)
		at org.apache.tomcat.websocket.server.WsFilter.doFilter(WsFilter.java:53)
		at org.apache.catalina.core.ApplicationFilterChain.internalDoFilter(ApplicationFilterChain.java:185)
		at org.apache.catalina.core.ApplicationFilterChain.doFilter(ApplicationFilterChain.java:158)
		at org.apache.catalina.core.StandardWrapperValve.invoke(StandardWrapperValve.java:197)
		at org.apache.catalina.core.StandardContextValve.invoke(StandardContextValve.java:97)
		at org.apache.catalina.authenticator.AuthenticatorBase.invoke(AuthenticatorBase.java:543)
		at org.apache.catalina.core.StandardHostValve.invoke(StandardHostValve.java:119)
		at org.apache.catalina.valves.ErrorReportValve.invoke(ErrorReportValve.java:92)
		at org.apache.catalina.valves.AbstractAccessLogValve.invoke(AbstractAccessLogValve.java:690)
		at org.apache.catalina.core.StandardEngineValve.invoke(StandardEngineValve.java:78)
		at org.apache.catalina.connector.CoyoteAdapter.service(CoyoteAdapter.java:353)
		at org.apache.coyote.http11.Http11Processor.service(Http11Processor.java:382)
		at org.apache.coyote.AbstractProcessorLight.process(AbstractProcessorLight.java:65)
		at org.apache.coyote.AbstractProtocol$ConnectionHandler.process(AbstractProtocol.java:870)
		at org.apache.tomcat.util.net.NioEndpoint$SocketProcessor.doRun(NioEndpoint.java:1699)
		at org.apache.tomcat.util.net.SocketProcessorBase.run(SocketProcessorBase.java:49)
		at org.apache.tomcat.util.threads.ThreadPoolExecutor.runWorker(ThreadPoolExecutor.java:1191)
		at org.apache.tomcat.util.threads.ThreadPoolExecutor$Worker.run(ThreadPoolExecutor.java:659)
		at org.apache.tomcat.util.threads.TaskThread$WrappingRunnable.run(TaskThread.java:61)
		at java.base/java.lang.Thread.run(Thread.java:829)
17-Feb-2025 00:34:26.150 SEVERE [http-nio-8080-exec-8] org.apache.catalina.core.StandardWrapperValve.invoke Servlet.service() for servlet [new] in context with path [/my_webapp] threw exception
	java.lang.NullPointerException
		at mypackage.CarRentalNew.CreateJson(CarRentalNew.java:103)
		at mypackage.CarRentalNew.doGet(CarRentalNew.java:157)
		at jakarta.servlet.http.HttpServlet.service(HttpServlet.java:665)
		at jakarta.servlet.http.HttpServlet.service(HttpServlet.java:774)
		at org.apache.catalina.core.ApplicationFilterChain.internalDoFilter(ApplicationFilterChain.java:223)
		at org.apache.catalina.core.ApplicationFilterChain.doFilter(ApplicationFilterChain.java:158)
		at org.apache.tomcat.websocket.server.WsFilter.doFilter(WsFilter.java:53)
		at org.apache.catalina.core.ApplicationFilterChain.internalDoFilter(ApplicationFilterChain.java:185)
		at org.apache.catalina.core.ApplicationFilterChain.doFilter(ApplicationFilterChain.java:158)
		at org.apache.catalina.core.StandardWrapperValve.invoke(StandardWrapperValve.java:197)
		at org.apache.catalina.core.StandardContextValve.invoke(StandardContextValve.java:97)
		at org.apache.catalina.authenticator.AuthenticatorBase.invoke(AuthenticatorBase.java:543)
		at org.apache.catalina.core.StandardHostValve.invoke(StandardHostValve.java:119)
		at org.apache.catalina.valves.ErrorReportValve.invoke(ErrorReportValve.java:92)
		at org.apache.catalina.valves.AbstractAccessLogValve.invoke(AbstractAccessLogValve.java:690)
		at org.apache.catalina.core.StandardEngineValve.invoke(StandardEngineValve.java:78)
		at org.apache.catalina.connector.CoyoteAdapter.service(CoyoteAdapter.java:353)
		at org.apache.coyote.http11.Http11Processor.service(Http11Processor.java:382)
		at org.apache.coyote.AbstractProcessorLight.process(AbstractProcessorLight.java:65)
		at org.apache.coyote.AbstractProtocol$ConnectionHandler.process(AbstractProtocol.java:870)
		at org.apache.tomcat.util.net.NioEndpoint$SocketProcessor.doRun(NioEndpoint.java:1699)
		at org.apache.tomcat.util.net.SocketProcessorBase.run(SocketProcessorBase.java:49)
		at org.apache.tomcat.util.threads.ThreadPoolExecutor.runWorker(ThreadPoolExecutor.java:1191)
		at org.apache.tomcat.util.threads.ThreadPoolExecutor$Worker.run(ThreadPoolExecutor.java:659)
		at org.apache.tomcat.util.threads.TaskThread$WrappingRunnable.run(TaskThread.java:61)
		at java.base/java.lang.Thread.run(Thread.java:829)
17-Feb-2025 00:34:26.347 SEVERE [http-nio-8080-exec-9] org.apache.catalina.core.StandardWrapperValve.invoke Servlet.service() for servlet [new] in context with path [/my_webapp] threw exception
	java.lang.NullPointerException
		at mypackage.CarRentalNew.CreateJson(CarRentalNew.java:103)
		at mypackage.CarRentalNew.doGet(CarRentalNew.java:157)
		at jakarta.servlet.http.HttpServlet.service(HttpServlet.java:665)
		at jakarta.servlet.http.HttpServlet.service(HttpServlet.java:774)
		at org.apache.catalina.core.ApplicationFilterChain.internalDoFilter(ApplicationFilterChain.java:223)
		at org.apache.catalina.core.ApplicationFilterChain.doFilter(ApplicationFilterChain.java:158)
		at org.apache.tomcat.websocket.server.WsFilter.doFilter(WsFilter.java:53)
		at org.apache.catalina.core.ApplicationFilterChain.internalDoFilter(ApplicationFilterChain.java:185)
		at org.apache.catalina.core.ApplicationFilterChain.doFilter(ApplicationFilterChain.java:158)
		at org.apache.catalina.core.StandardWrapperValve.invoke(StandardWrapperValve.java:197)
		at org.apache.catalina.core.StandardContextValve.invoke(StandardContextValve.java:97)
		at org.apache.catalina.authenticator.AuthenticatorBase.invoke(AuthenticatorBase.java:543)
		at org.apache.catalina.core.StandardHostValve.invoke(StandardHostValve.java:119)
		at org.apache.catalina.valves.ErrorReportValve.invoke(ErrorReportValve.java:92)
		at org.apache.catalina.valves.AbstractAccessLogValve.invoke(AbstractAccessLogValve.java:690)
		at org.apache.catalina.core.StandardEngineValve.invoke(StandardEngineValve.java:78)
		at org.apache.catalina.connector.CoyoteAdapter.service(CoyoteAdapter.java:353)
		at org.apache.coyote.http11.Http11Processor.service(Http11Processor.java:382)
		at org.apache.coyote.AbstractProcessorLight.process(AbstractProcessorLight.java:65)
		at org.apache.coyote.AbstractProtocol$ConnectionHandler.process(AbstractProtocol.java:870)
		at org.apache.tomcat.util.net.NioEndpoint$SocketProcessor.doRun(NioEndpoint.java:1699)
		at org.apache.tomcat.util.net.SocketProcessorBase.run(SocketProcessorBase.java:49)
		at org.apache.tomcat.util.threads.ThreadPoolExecutor.runWorker(ThreadPoolExecutor.java:1191)
		at org.apache.tomcat.util.threads.ThreadPoolExecutor$Worker.run(ThreadPoolExecutor.java:659)
		at org.apache.tomcat.util.threads.TaskThread$WrappingRunnable.run(TaskThread.java:61)
		at java.base/java.lang.Thread.run(Thread.java:829)
17-Feb-2025 00:37:09.027 INFO [main] org.apache.catalina.core.ApplicationContext.log SessionListener: contextDestroyed()
17-Feb-2025 00:37:09.027 INFO [main] org.apache.catalina.core.ApplicationContext.log ContextListener: contextDestroyed()
17-Feb-2025 00:37:11.793 INFO [main] org.apache.catalina.core.ApplicationContext.log ContextListener: contextInitialized()
17-Feb-2025 00:37:11.793 INFO [main] org.apache.catalina.core.ApplicationContext.log SessionListener: contextInitialized()
17-Feb-2025 00:37:11.794 INFO [main] org.apache.catalina.core.ApplicationContext.log ContextListener: attributeAdded('StockTicker', 'async.Stockticker@11389053')
17-Feb-2025 00:37:19.309 SEVERE [http-nio-8080-exec-1] org.apache.catalina.core.StandardWrapperValve.invoke Servlet.service() for servlet [new] in context with path [/my_webapp] threw exception
	java.lang.NullPointerException
		at mypackage.CarRentalNew.CreateJson(CarRentalNew.java:103)
		at mypackage.CarRentalNew.doGet(CarRentalNew.java:157)
		at jakarta.servlet.http.HttpServlet.service(HttpServlet.java:665)
		at jakarta.servlet.http.HttpServlet.service(HttpServlet.java:774)
		at org.apache.catalina.core.ApplicationFilterChain.internalDoFilter(ApplicationFilterChain.java:223)
		at org.apache.catalina.core.ApplicationFilterChain.doFilter(ApplicationFilterChain.java:158)
		at org.apache.tomcat.websocket.server.WsFilter.doFilter(WsFilter.java:53)
		at org.apache.catalina.core.ApplicationFilterChain.internalDoFilter(ApplicationFilterChain.java:185)
		at org.apache.catalina.core.ApplicationFilterChain.doFilter(ApplicationFilterChain.java:158)
		at org.apache.catalina.core.StandardWrapperValve.invoke(StandardWrapperValve.java:197)
		at org.apache.catalina.core.StandardContextValve.invoke(StandardContextValve.java:97)
		at org.apache.catalina.authenticator.AuthenticatorBase.invoke(AuthenticatorBase.java:543)
		at org.apache.catalina.core.StandardHostValve.invoke(StandardHostValve.java:119)
		at org.apache.catalina.valves.ErrorReportValve.invoke(ErrorReportValve.java:92)
		at org.apache.catalina.valves.AbstractAccessLogValve.invoke(AbstractAccessLogValve.java:690)
		at org.apache.catalina.core.StandardEngineValve.invoke(StandardEngineValve.java:78)
		at org.apache.catalina.connector.CoyoteAdapter.service(CoyoteAdapter.java:353)
		at org.apache.coyote.http11.Http11Processor.service(Http11Processor.java:382)
		at org.apache.coyote.AbstractProcessorLight.process(AbstractProcessorLight.java:65)
		at org.apache.coyote.AbstractProtocol$ConnectionHandler.process(AbstractProtocol.java:870)
		at org.apache.tomcat.util.net.NioEndpoint$SocketProcessor.doRun(NioEndpoint.java:1699)
		at org.apache.tomcat.util.net.SocketProcessorBase.run(SocketProcessorBase.java:49)
		at org.apache.tomcat.util.threads.ThreadPoolExecutor.runWorker(ThreadPoolExecutor.java:1191)
		at org.apache.tomcat.util.threads.ThreadPoolExecutor$Worker.run(ThreadPoolExecutor.java:659)
		at org.apache.tomcat.util.threads.TaskThread$WrappingRunnable.run(TaskThread.java:61)
		at java.base/java.lang.Thread.run(Thread.java:829)
17-Feb-2025 00:37:25.011 SEVERE [http-nio-8080-exec-4] org.apache.catalina.core.StandardWrapperValve.invoke Servlet.service() for servlet [new] in context with path [/my_webapp] threw exception
	java.lang.NullPointerException
		at mypackage.CarRentalNew.CreateJson(CarRentalNew.java:103)
		at mypackage.CarRentalNew.doGet(CarRentalNew.java:157)
		at jakarta.servlet.http.HttpServlet.service(HttpServlet.java:665)
		at jakarta.servlet.http.HttpServlet.service(HttpServlet.java:774)
		at org.apache.catalina.core.ApplicationFilterChain.internalDoFilter(ApplicationFilterChain.java:223)
		at org.apache.catalina.core.ApplicationFilterChain.doFilter(ApplicationFilterChain.java:158)
		at org.apache.tomcat.websocket.server.WsFilter.doFilter(WsFilter.java:53)
		at org.apache.catalina.core.ApplicationFilterChain.internalDoFilter(ApplicationFilterChain.java:185)
		at org.apache.catalina.core.ApplicationFilterChain.doFilter(ApplicationFilterChain.java:158)
		at org.apache.catalina.core.StandardWrapperValve.invoke(StandardWrapperValve.java:197)
		at org.apache.catalina.core.StandardContextValve.invoke(StandardContextValve.java:97)
		at org.apache.catalina.authenticator.AuthenticatorBase.invoke(AuthenticatorBase.java:543)
		at org.apache.catalina.core.StandardHostValve.invoke(StandardHostValve.java:119)
		at org.apache.catalina.valves.ErrorReportValve.invoke(ErrorReportValve.java:92)
		at org.apache.catalina.valves.AbstractAccessLogValve.invoke(AbstractAccessLogValve.java:690)
		at org.apache.catalina.core.StandardEngineValve.invoke(StandardEngineValve.java:78)
		at org.apache.catalina.connector.CoyoteAdapter.service(CoyoteAdapter.java:353)
		at org.apache.coyote.http11.Http11Processor.service(Http11Processor.java:382)
		at org.apache.coyote.AbstractProcessorLight.process(AbstractProcessorLight.java:65)
		at org.apache.coyote.AbstractProtocol$ConnectionHandler.process(AbstractProtocol.java:870)
		at org.apache.tomcat.util.net.NioEndpoint$SocketProcessor.doRun(NioEndpoint.java:1699)
		at org.apache.tomcat.util.net.SocketProcessorBase.run(SocketProcessorBase.java:49)
		at org.apache.tomcat.util.threads.ThreadPoolExecutor.runWorker(ThreadPoolExecutor.java:1191)
		at org.apache.tomcat.util.threads.ThreadPoolExecutor$Worker.run(ThreadPoolExecutor.java:659)
		at org.apache.tomcat.util.threads.TaskThread$WrappingRunnable.run(TaskThread.java:61)
		at java.base/java.lang.Thread.run(Thread.java:829)
17-Feb-2025 00:37:35.912 SEVERE [http-nio-8080-exec-6] org.apache.catalina.core.StandardWrapperValve.invoke Servlet.service() for servlet [new] in context with path [/my_webapp] threw exception
	java.lang.NullPointerException
		at mypackage.CarRentalNew.CreateJson(CarRentalNew.java:103)
		at mypackage.CarRentalNew.doGet(CarRentalNew.java:157)
		at jakarta.servlet.http.HttpServlet.service(HttpServlet.java:665)
		at jakarta.servlet.http.HttpServlet.service(HttpServlet.java:774)
		at org.apache.catalina.core.ApplicationFilterChain.internalDoFilter(ApplicationFilterChain.java:223)
		at org.apache.catalina.core.ApplicationFilterChain.doFilter(ApplicationFilterChain.java:158)
		at org.apache.tomcat.websocket.server.WsFilter.doFilter(WsFilter.java:53)
		at org.apache.catalina.core.ApplicationFilterChain.internalDoFilter(ApplicationFilterChain.java:185)
		at org.apache.catalina.core.ApplicationFilterChain.doFilter(ApplicationFilterChain.java:158)
		at org.apache.catalina.core.StandardWrapperValve.invoke(StandardWrapperValve.java:197)
		at org.apache.catalina.core.StandardContextValve.invoke(StandardContextValve.java:97)
		at org.apache.catalina.authenticator.AuthenticatorBase.invoke(AuthenticatorBase.java:543)
		at org.apache.catalina.core.StandardHostValve.invoke(StandardHostValve.java:119)
		at org.apache.catalina.valves.ErrorReportValve.invoke(ErrorReportValve.java:92)
		at org.apache.catalina.valves.AbstractAccessLogValve.invoke(AbstractAccessLogValve.java:690)
		at org.apache.catalina.core.StandardEngineValve.invoke(StandardEngineValve.java:78)
		at org.apache.catalina.connector.CoyoteAdapter.service(CoyoteAdapter.java:353)
		at org.apache.coyote.http11.Http11Processor.service(Http11Processor.java:382)
		at org.apache.coyote.AbstractProcessorLight.process(AbstractProcessorLight.java:65)
		at org.apache.coyote.AbstractProtocol$ConnectionHandler.process(AbstractProtocol.java:870)
		at org.apache.tomcat.util.net.NioEndpoint$SocketProcessor.doRun(NioEndpoint.java:1699)
		at org.apache.tomcat.util.net.SocketProcessorBase.run(SocketProcessorBase.java:49)
		at org.apache.tomcat.util.threads.ThreadPoolExecutor.runWorker(ThreadPoolExecutor.java:1191)
		at org.apache.tomcat.util.threads.ThreadPoolExecutor$Worker.run(ThreadPoolExecutor.java:659)
		at org.apache.tomcat.util.threads.TaskThread$WrappingRunnable.run(TaskThread.java:61)
		at java.base/java.lang.Thread.run(Thread.java:829)
17-Feb-2025 00:39:45.441 INFO [main] org.apache.catalina.core.ApplicationContext.log SessionListener: contextDestroyed()
17-Feb-2025 00:39:45.443 INFO [main] org.apache.catalina.core.ApplicationContext.log ContextListener: contextDestroyed()
17-Feb-2025 00:39:47.547 INFO [main] org.apache.catalina.core.ApplicationContext.log ContextListener: contextInitialized()
17-Feb-2025 00:39:47.548 INFO [main] org.apache.catalina.core.ApplicationContext.log SessionListener: contextInitialized()
17-Feb-2025 00:39:47.549 INFO [main] org.apache.catalina.core.ApplicationContext.log ContextListener: attributeAdded('StockTicker', 'async.Stockticker@1eef9aef')
17-Feb-2025 01:12:16.626 INFO [main] org.apache.catalina.core.ApplicationContext.log SessionListener: contextDestroyed()
17-Feb-2025 01:12:16.626 INFO [main] org.apache.catalina.core.ApplicationContext.log ContextListener: contextDestroyed()
17-Feb-2025 01:12:21.460 INFO [main] org.apache.catalina.core.ApplicationContext.log ContextListener: contextInitialized()
17-Feb-2025 01:12:21.461 INFO [main] org.apache.catalina.core.ApplicationContext.log SessionListener: contextInitialized()
17-Feb-2025 01:12:21.463 INFO [main] org.apache.catalina.core.ApplicationContext.log ContextListener: attributeAdded('StockTicker', 'async.Stockticker@1ac85b0c')
17-Feb-2025 01:13:21.434 INFO [main] org.apache.catalina.core.ApplicationContext.log SessionListener: contextDestroyed()
17-Feb-2025 01:13:21.435 INFO [main] org.apache.catalina.core.ApplicationContext.log ContextListener: contextDestroyed()
17-Feb-2025 01:13:23.870 INFO [main] org.apache.catalina.core.ApplicationContext.log ContextListener: contextInitialized()
17-Feb-2025 01:13:23.870 INFO [main] org.apache.catalina.core.ApplicationContext.log SessionListener: contextInitialized()
17-Feb-2025 01:13:23.871 INFO [main] org.apache.catalina.core.ApplicationContext.log ContextListener: attributeAdded('StockTicker', 'async.Stockticker@1ee4730')
17-Feb-2025 01:14:23.678 INFO [main] org.apache.catalina.core.ApplicationContext.log SessionListener: contextDestroyed()
17-Feb-2025 01:14:23.680 INFO [main] org.apache.catalina.core.ApplicationContext.log ContextListener: contextDestroyed()
17-Feb-2025 01:14:27.354 INFO [main] org.apache.catalina.core.ApplicationContext.log ContextListener: contextInitialized()
17-Feb-2025 01:14:27.356 INFO [main] org.apache.catalina.core.ApplicationContext.log SessionListener: contextInitialized()
17-Feb-2025 01:14:27.358 INFO [main] org.apache.catalina.core.ApplicationContext.log ContextListener: attributeAdded('StockTicker', 'async.Stockticker@59a67c3a')
17-Feb-2025 01:19:37.906 INFO [main] org.apache.catalina.core.ApplicationContext.log SessionListener: contextDestroyed()
17-Feb-2025 01:19:37.907 INFO [main] org.apache.catalina.core.ApplicationContext.log ContextListener: contextDestroyed()
17-Feb-2025 01:19:39.176 INFO [main] org.apache.catalina.core.ApplicationContext.log ContextListener: contextInitialized()
17-Feb-2025 01:19:39.177 INFO [main] org.apache.catalina.core.ApplicationContext.log SessionListener: contextInitialized()
17-Feb-2025 01:19:39.179 INFO [main] org.apache.catalina.core.ApplicationContext.log ContextListener: attributeAdded('StockTicker', 'async.Stockticker@2a2da905')
17-Feb-2025 01:20:06.648 INFO [main] org.apache.catalina.core.ApplicationContext.log SessionListener: contextDestroyed()
17-Feb-2025 01:20:06.648 INFO [main] org.apache.catalina.core.ApplicationContext.log ContextListener: contextDestroyed()
17-Feb-2025 01:20:08.089 INFO [main] org.apache.catalina.core.ApplicationContext.log ContextListener: contextInitialized()
17-Feb-2025 01:20:08.090 INFO [main] org.apache.catalina.core.ApplicationContext.log SessionListener: contextInitialized()
17-Feb-2025 01:20:08.091 INFO [main] org.apache.catalina.core.ApplicationContext.log ContextListener: attributeAdded('StockTicker', 'async.Stockticker@4de025bf')
17-Feb-2025 01:20:48.236 INFO [main] org.apache.catalina.core.ApplicationContext.log SessionListener: contextDestroyed()
17-Feb-2025 01:20:48.236 INFO [main] org.apache.catalina.core.ApplicationContext.log ContextListener: contextDestroyed()
17-Feb-2025 01:20:50.022 INFO [main] org.apache.catalina.core.ApplicationContext.log ContextListener: contextInitialized()
17-Feb-2025 01:20:50.022 INFO [main] org.apache.catalina.core.ApplicationContext.log SessionListener: contextInitialized()
17-Feb-2025 01:20:50.023 INFO [main] org.apache.catalina.core.ApplicationContext.log ContextListener: attributeAdded('StockTicker', 'async.Stockticker@1eef9aef')
17-Feb-2025 01:22:11.248 INFO [main] org.apache.catalina.core.ApplicationContext.log SessionListener: contextDestroyed()
17-Feb-2025 01:22:11.249 INFO [main] org.apache.catalina.core.ApplicationContext.log ContextListener: contextDestroyed()
17-Feb-2025 01:22:13.639 INFO [main] org.apache.catalina.core.ApplicationContext.log ContextListener: contextInitialized()
17-Feb-2025 01:22:13.639 INFO [main] org.apache.catalina.core.ApplicationContext.log SessionListener: contextInitialized()
17-Feb-2025 01:22:13.640 INFO [main] org.apache.catalina.core.ApplicationContext.log ContextListener: attributeAdded('StockTicker', 'async.Stockticker@11389053')
17-Feb-2025 01:23:30.282 INFO [main] org.apache.catalina.core.ApplicationContext.log SessionListener: contextDestroyed()
17-Feb-2025 01:23:30.283 INFO [main] org.apache.catalina.core.ApplicationContext.log ContextListener: contextDestroyed()
17-Feb-2025 01:23:32.265 INFO [main] org.apache.catalina.core.ApplicationContext.log ContextListener: contextInitialized()
17-Feb-2025 01:23:32.266 INFO [main] org.apache.catalina.core.ApplicationContext.log SessionListener: contextInitialized()
17-Feb-2025 01:23:32.266 INFO [main] org.apache.catalina.core.ApplicationContext.log ContextListener: attributeAdded('StockTicker', 'async.Stockticker@4de025bf')
17-Feb-2025 01:24:58.478 INFO [main] org.apache.catalina.core.ApplicationContext.log SessionListener: contextDestroyed()
17-Feb-2025 01:24:58.478 INFO [main] org.apache.catalina.core.ApplicationContext.log ContextListener: contextDestroyed()
17-Feb-2025 01:24:59.727 INFO [main] org.apache.catalina.core.ApplicationContext.log ContextListener: contextInitialized()
17-Feb-2025 01:24:59.728 INFO [main] org.apache.catalina.core.ApplicationContext.log SessionListener: contextInitialized()
17-Feb-2025 01:24:59.729 INFO [main] org.apache.catalina.core.ApplicationContext.log ContextListener: attributeAdded('StockTicker', 'async.Stockticker@a50b09c')
17-Feb-2025 01:36:09.100 INFO [main] org.apache.catalina.core.ApplicationContext.log SessionListener: contextDestroyed()
17-Feb-2025 01:36:09.102 INFO [main] org.apache.catalina.core.ApplicationContext.log ContextListener: contextDestroyed()
17-Feb-2025 01:36:11.791 INFO [main] org.apache.catalina.core.ApplicationContext.log ContextListener: contextInitialized()
17-Feb-2025 01:36:11.792 INFO [main] org.apache.catalina.core.ApplicationContext.log SessionListener: contextInitialized()
17-Feb-2025 01:36:11.793 INFO [main] org.apache.catalina.core.ApplicationContext.log ContextListener: attributeAdded('StockTicker', 'async.Stockticker@a50b09c')
17-Feb-2025 01:39:40.641 INFO [main] org.apache.catalina.core.ApplicationContext.log SessionListener: contextDestroyed()
17-Feb-2025 01:39:40.641 INFO [main] org.apache.catalina.core.ApplicationContext.log ContextListener: contextDestroyed()
17-Feb-2025 01:39:42.366 INFO [main] org.apache.catalina.core.ApplicationContext.log ContextListener: contextInitialized()
17-Feb-2025 01:39:42.366 INFO [main] org.apache.catalina.core.ApplicationContext.log SessionListener: contextInitialized()
17-Feb-2025 01:39:42.367 INFO [main] org.apache.catalina.core.ApplicationContext.log ContextListener: attributeAdded('StockTicker', 'async.Stockticker@a50b09c')
17-Feb-2025 01:40:23.391 INFO [main] org.apache.catalina.core.ApplicationContext.log SessionListener: contextDestroyed()
17-Feb-2025 01:40:23.392 INFO [main] org.apache.catalina.core.ApplicationContext.log ContextListener: contextDestroyed()
17-Feb-2025 01:40:25.047 INFO [main] org.apache.catalina.core.ApplicationContext.log ContextListener: contextInitialized()
17-Feb-2025 01:40:25.047 INFO [main] org.apache.catalina.core.ApplicationContext.log SessionListener: contextInitialized()
17-Feb-2025 01:40:25.056 INFO [main] org.apache.catalina.core.ApplicationContext.log ContextListener: attributeAdded('StockTicker', 'async.Stockticker@6de54b40')
17-Feb-2025 01:41:50.433 INFO [main] org.apache.catalina.core.ApplicationContext.log SessionListener: contextDestroyed()
17-Feb-2025 01:41:50.433 INFO [main] org.apache.catalina.core.ApplicationContext.log ContextListener: contextDestroyed()
17-Feb-2025 01:41:51.815 INFO [main] org.apache.catalina.core.ApplicationContext.log ContextListener: contextInitialized()
17-Feb-2025 01:41:51.815 INFO [main] org.apache.catalina.core.ApplicationContext.log SessionListener: contextInitialized()
17-Feb-2025 01:41:51.815 INFO [main] org.apache.catalina.core.ApplicationContext.log ContextListener: attributeAdded('StockTicker', 'async.Stockticker@6691490c')
17-Feb-2025 01:46:30.649 INFO [main] org.apache.catalina.core.ApplicationContext.log SessionListener: contextDestroyed()
17-Feb-2025 01:46:30.649 INFO [main] org.apache.catalina.core.ApplicationContext.log ContextListener: contextDestroyed()
17-Feb-2025 01:46:32.214 INFO [main] org.apache.catalina.core.ApplicationContext.log ContextListener: contextInitialized()
17-Feb-2025 01:46:32.214 INFO [main] org.apache.catalina.core.ApplicationContext.log SessionListener: contextInitialized()
17-Feb-2025 01:46:32.215 INFO [main] org.apache.catalina.core.ApplicationContext.log ContextListener: attributeAdded('StockTicker', 'async.Stockticker@67ef029')
17-Feb-2025 01:48:16.923 INFO [main] org.apache.catalina.core.ApplicationContext.log SessionListener: contextDestroyed()
17-Feb-2025 01:48:16.923 INFO [main] org.apache.catalina.core.ApplicationContext.log ContextListener: contextDestroyed()
17-Feb-2025 01:48:19.580 INFO [main] org.apache.catalina.core.ApplicationContext.log ContextListener: contextInitialized()
17-Feb-2025 01:48:19.580 INFO [main] org.apache.catalina.core.ApplicationContext.log SessionListener: contextInitialized()
17-Feb-2025 01:48:19.580 INFO [main] org.apache.catalina.core.ApplicationContext.log ContextListener: attributeAdded('StockTicker', 'async.Stockticker@60c16548')
17-Feb-2025 01:49:17.346 INFO [main] org.apache.catalina.core.ApplicationContext.log SessionListener: contextDestroyed()
17-Feb-2025 01:49:17.346 INFO [main] org.apache.catalina.core.ApplicationContext.log ContextListener: contextDestroyed()
17-Feb-2025 01:49:19.651 INFO [main] org.apache.catalina.core.ApplicationContext.log ContextListener: contextInitialized()
17-Feb-2025 01:49:19.652 INFO [main] org.apache.catalina.core.ApplicationContext.log SessionListener: contextInitialized()
17-Feb-2025 01:49:19.654 INFO [main] org.apache.catalina.core.ApplicationContext.log ContextListener: attributeAdded('StockTicker', 'async.Stockticker@3088660d')
17-Feb-2025 01:52:39.168 INFO [main] org.apache.catalina.core.ApplicationContext.log SessionListener: contextDestroyed()
17-Feb-2025 01:52:39.168 INFO [main] org.apache.catalina.core.ApplicationContext.log ContextListener: contextDestroyed()
17-Feb-2025 01:52:41.128 INFO [main] org.apache.catalina.core.ApplicationContext.log ContextListener: contextInitialized()
17-Feb-2025 01:52:41.128 INFO [main] org.apache.catalina.core.ApplicationContext.log SessionListener: contextInitialized()
17-Feb-2025 01:52:41.138 INFO [main] org.apache.catalina.core.ApplicationContext.log ContextListener: attributeAdded('StockTicker', 'async.Stockticker@7f4037ed')
17-Feb-2025 01:57:50.324 INFO [main] org.apache.catalina.core.ApplicationContext.log SessionListener: contextDestroyed()
17-Feb-2025 01:57:50.324 INFO [main] org.apache.catalina.core.ApplicationContext.log ContextListener: contextDestroyed()
17-Feb-2025 01:57:51.653 INFO [main] org.apache.catalina.core.ApplicationContext.log ContextListener: contextInitialized()
17-Feb-2025 01:57:51.653 INFO [main] org.apache.catalina.core.ApplicationContext.log SessionListener: contextInitialized()
17-Feb-2025 01:57:51.654 INFO [main] org.apache.catalina.core.ApplicationContext.log ContextListener: attributeAdded('StockTicker', 'async.Stockticker@511816c0')
17-Feb-2025 02:10:12.804 INFO [main] org.apache.catalina.core.ApplicationContext.log SessionListener: contextDestroyed()
17-Feb-2025 02:10:12.806 INFO [main] org.apache.catalina.core.ApplicationContext.log ContextListener: contextDestroyed()
17-Feb-2025 02:10:14.587 INFO [main] org.apache.catalina.core.ApplicationContext.log ContextListener: contextInitialized()
17-Feb-2025 02:10:14.588 INFO [main] org.apache.catalina.core.ApplicationContext.log SessionListener: contextInitialized()
17-Feb-2025 02:10:14.588 INFO [main] org.apache.catalina.core.ApplicationContext.log ContextListener: attributeAdded('StockTicker', 'async.Stockticker@31611954')
